2025-10-05 10:21:00 | WARN | repo=git | action=commit
2025-11-09 14:07:00 | INFO | repo=git | action=commit
2024-07-09 14:39:00 | INFO | repo=git | action=commit
2024-06-19 14:33:00 | INFO | repo=git | action=commit
2025-10-02 09:07:00 | INFO | repo=git | action=commit
2025-10-07 07:19:00 | WARN | repo=git | action=pull
2024-03-25 13:59:00 | WARN | repo=git | action=commit
2025-06-27 18:04:00 | DEBUG | repo=git | action=commit
2025-11-26 15:24:00 | WARN | repo=git | action=commit
2025-10-08 17:56:00 | DEBUG | repo=git | action=commit
2025-07-19 10:43:00 | INFO | repo=git | action=commit
2024-10-08 09:24:00 | WARN | repo=git | action=commit
2025-08-20 17:26:00 | INFO | repo=git | action=test | passed=true
2025-01-07 07:57:00 | DEBUG | repo=git | action=commit
2024-11-11 15:43:00 | WARN | repo=git | action=commit
2024-07-07 07:28:00 | DEBUG | repo=git | action=commit
2024-10-21 08:00:00 | INFO | repo=git | action=pull
2024-12-26 18:48:00 | DEBUG | repo=git | action=commit
2024-06-14 13:01:00 | WARN | repo=git | action=commit
2025-10-03 14:26:00 | INFO | repo=git | action=edit | files=4
2024-11-11 15:59:00 | DEBUG | repo=git | action=commit
2025-08-07 07:13:00 | DEBUG | repo=git | action=commit
2025-06-24 10:25:00 | WARN | repo=git | action=pull
2024-02-01 20:59:00 | WARN | repo=git | action=commit
2024-12-28 16:33:00 | WARN | repo=git | action=commit
2024-03-16 18:40:00 | DEBUG | repo=git | action=commit
2024-09-11 08:18:00 | DEBUG | repo=git | action=edit | files=2
2025-06-23 17:31:00 | DEBUG | repo=git | action=edit | files=3
2024-04-13 18:30:00 | DEBUG | repo=git | action=commit
2025-10-27 12:19:00 | INFO | repo=git | action=commit
2025-09-06 07:06:00 | WARN | repo=git | action=commit
2025-04-15 16:09:00 | WARN | repo=git | action=commit
2025-11-14 15:35:00 | DEBUG | repo=git | action=edit | files=4
2025-07-17 19:52:00 | WARN | repo=git | action=commit
2025-09-25 07:45:00 | DEBUG | repo=git | action=commit
2025-04-06 20:44:00 | WARN | repo=git | action=commit
2025-11-16 18:39:00 | DEBUG | repo=git | action=test | passed=true
2025-10-14 11:57:00 | DEBUG | repo=git | action=pull
2025-08-19 16:18:00 | INFO | repo=git | action=commit
2025-05-08 12:26:00 | DEBUG | repo=git | action=commit
2025-06-26 09:11:00 | INFO | repo=git | action=pull
2025-07-19 07:24:00 | WARN | repo=git | action=commit
2025-07-11 18:35:00 | INFO | repo=git | action=test | passed=true
2025-03-16 11:21:00 | WARN | repo=git | action=edit | files=3
2025-04-27 17:21:00 | WARN | repo=git | action=edit | files=2
2025-09-15 11:39:00 | DEBUG | repo=git | action=commit
2025-11-05 07:19:00 | INFO | repo=git | action=commit
2025-04-13 17:13:00 | WARN | repo=git | action=commit
2025-07-19 09:30:00 | WARN | repo=git | action=commit
2025-11-20 15:06:00 | DEBUG | repo=git | action=commit
2025-07-12 19:45:00 | INFO | repo=git | action=commit
2025-12-05 18:10:00 | DEBUG | repo=git | action=test | passed=true
2025-05-24 20:08:00 | INFO | repo=git | action=edit | files=1
2025-09-27 16:16:00 | INFO | repo=git | action=commit
2025-07-01 10:13:00 | WARN | repo=git | action=test | passed=true
2025-11-08 11:53:00 | DEBUG | repo=git | action=commit
2025-04-11 09:00:00 | INFO | repo=git | action=test | passed=true
2025-02-19 19:24:00 | WARN | repo=git | action=commit
2025-04-01 20:43:00 | DEBUG | repo=git | action=commit
2025-07-27 14:36:00 | DEBUG | repo=git | action=commit
2025-08-05 11:34:00 | INFO | repo=git | action=test | passed=true
2025-07-09 19:35:00 | INFO | repo=git | action=commit
2025-08-07 08:19:00 | INFO | repo=git | action=commit
2025-04-13 08:13:00 | DEBUG | repo=git | action=commit
2025-05-02 14:49:00 | WARN | repo=git | action=pull
2025-02-09 08:07:00 | WARN | repo=git | action=commit
2025-03-06 11:56:00 | DEBUG | repo=git | action=pull
2025-02-08 07:19:00 | INFO | repo=git | action=commit
2025-02-24 20:46:00 | WARN | repo=git | action=edit | files=1
2025-12-20 20:26:00 | DEBUG | repo=git | action=edit | files=5
2025-06-02 21:26:00 | WARN | repo=git | action=commit
2025-07-03 18:16:00 | INFO | repo=git | action=commit
2025-08-20 07:48:00 | INFO | repo=git | action=pull
2025-08-16 21:20:00 | INFO | repo=git | action=test | passed=true
2025-02-14 14:07:00 | WARN | repo=git | action=edit | files=2
2025-02-26 07:06:00 | WARN | repo=git | action=commit
2025-08-25 09:00:00 | INFO | repo=git | action=commit
2025-02-23 18:08:00 | INFO | repo=git | action=commit
2025-09-13 08:56:00 | WARN | repo=git | action=commit
2025-01-13 15:57:00 | DEBUG | repo=git | action=commit
2025-08-28 17:07:00 | INFO | repo=git | action=commit
2025-08-15 07:45:00 | DEBUG | repo=git | action=commit
2025-10-26 21:08:00 | INFO | repo=git | action=commit
2025-02-05 13:20:00 | INFO | repo=git | action=edit | files=3
2025-07-21 09:58:00 | WARN | repo=git | action=pull
2025-03-15 17:25:00 | DEBUG | repo=git | action=commit
2025-08-22 21:15:00 | INFO | repo=git | action=pull
2025-07-19 19:11:00 | WARN | repo=git | action=commit
2025-11-23 17:11:00 | INFO | repo=git | action=commit
2025-08-06 18:53:00 | INFO | repo=git | action=commit
2025-12-14 11:22:00 | INFO | repo=git | action=commit
2025-02-06 21:01:00 | INFO | repo=git | action=commit
2025-08-06 19:04:00 | WARN | repo=git | action=commit
2025-02-12 13:44:00 | WARN | repo=git | action=commit
2025-09-20 20:37:00 | INFO | repo=git | action=pull
2025-05-07 18:28:00 | INFO | repo=git | action=commit
2025-01-06 07:17:00 | DEBUG | repo=git | action=commit
2025-08-07 14:15:00 | DEBUG | repo=git | action=commit
2025-07-11 20:30:00 | INFO | repo=git | action=commit
2025-07-20 11:20:00 | DEBUG | repo=git | action=pull
2025-06-19 19:53:00 | DEBUG | repo=git | action=edit | files=1
2025-04-10 18:35:00 | INFO | repo=git | action=pull
2025-10-02 08:14:00 | DEBUG | repo=git | action=pull
2025-05-22 11:15:00 | DEBUG | repo=git | action=commit
2025-07-14 07:29:00 | WARN | repo=git | action=commit
2025-11-22 11:03:00 | INFO | repo=git | action=commit
2025-03-27 09:36:00 | DEBUG | repo=git | action=commit
2025-10-17 08:12:00 | INFO | repo=git | action=pull
2025-06-07 13:57:00 | INFO | repo=git | action=commit
2025-08-04 15:11:00 | WARN | repo=git | action=commit
2025-07-27 19:06:00 | DEBUG | repo=git | action=commit
2025-12-25 21:06:00 | INFO | repo=git | action=commit
2025-10-13 08:01:00 | INFO | repo=git | action=test | passed=true
2025-04-20 17:22:00 | WARN | repo=git | action=pull
2025-03-27 08:56:00 | DEBUG | repo=git | action=commit
2025-08-03 16:55:00 | WARN | repo=git | action=pull
2025-03-15 19:59:00 | DEBUG | repo=git | action=commit
2025-06-23 08:03:00 | INFO | repo=git | action=edit | files=2
2025-08-28 20:01:00 | WARN | repo=git | action=commit
2025-03-19 15:40:00 | DEBUG | repo=git | action=commit
2025-06-22 12:45:00 | WARN | repo=git | action=test | passed=true
2025-06-25 07:16:00 | DEBUG | repo=git | action=commit
2025-11-15 09:21:00 | INFO | repo=git | action=test | passed=true
2025-05-16 08:00:00 | INFO | repo=git | action=commit
2025-07-15 11:57:00 | INFO | repo=git | action=commit
2025-06-03 09:37:00 | DEBUG | repo=git | action=pull
2025-06-28 07:47:00 | WARN | repo=git | action=edit | files=3
2025-12-08 15:08:00 | WARN | repo=git | action=commit
2025-05-07 20:56:00 | INFO | repo=git | action=test | passed=true
2025-10-12 08:31:00 | WARN | repo=git | action=commit
2025-02-16 09:25:00 | INFO | repo=git | action=commit
2025-12-13 20:52:00 | DEBUG | repo=git | action=commit
2025-03-26 08:45:00 | DEBUG | repo=git | action=commit
2025-11-18 21:43:00 | WARN | repo=git | action=pull
2025-09-18 20:28:00 | INFO | repo=git | action=commit
2025-01-02 10:51:00 | DEBUG | repo=git | action=pull
2025-08-18 15:51:00 | DEBUG | repo=git | action=edit | files=5
2025-05-07 10:26:00 | DEBUG | repo=git | action=edit | files=5
2025-08-13 19:28:00 | DEBUG | repo=git | action=commit
2025-01-23 20:58:00 | INFO | repo=git | action=pull
2025-02-05 09:56:00 | DEBUG | repo=git | action=test | passed=true
2025-01-16 08:37:00 | WARN | repo=git | action=test | passed=true
2025-09-20 20:22:00 | INFO | repo=git | action=commit
2025-10-10 09:59:00 | WARN | repo=git | action=test | passed=true
2025-03-04 17:21:00 | INFO | repo=git | action=commit
2025-08-26 13:26:00 | INFO | repo=git | action=commit
2025-04-11 12:15:00 | INFO | repo=git | action=commit
2025-09-27 12:22:00 | DEBUG | repo=git | action=commit
2025-04-06 12:16:00 | INFO | repo=git | action=test | passed=true
2025-07-14 21:05:00 | DEBUG | repo=git | action=commit
2025-06-15 08:11:00 | INFO | repo=git | action=commit
2025-10-26 12:14:00 | WARN | repo=git | action=commit
2025-01-10 17:35:00 | INFO | repo=git | action=commit
2025-03-25 08:15:00 | WARN | repo=git | action=pull
2025-04-28 18:52:00 | DEBUG | repo=git | action=commit
2025-01-06 20:06:00 | WARN | repo=git | action=test | passed=true
2025-03-02 18:39:00 | DEBUG | repo=git | action=commit
2025-01-08 14:03:00 | DEBUG | repo=git | action=pull
2025-09-17 07:17:00 | WARN | repo=git | action=commit
2025-11-13 10:57:00 | INFO | repo=git | action=pull
2025-09-25 18:14:00 | INFO | repo=git | action=test | passed=true
2025-05-24 18:36:00 | DEBUG | repo=git | action=pull
2025-04-24 15:11:00 | WARN | repo=git | action=edit | files=5
2025-08-08 08:06:00 | WARN | repo=git | action=commit
2025-05-08 19:38:00 | WARN | repo=git | action=edit | files=4
2025-04-20 08:04:00 | WARN | repo=git | action=commit
2025-03-27 21:29:00 | INFO | repo=git | action=commit
2025-02-17 14:38:00 | INFO | repo=git | action=commit
2025-02-24 21:31:00 | WARN | repo=git | action=commit
2025-06-21 14:59:00 | WARN | repo=git | action=pull
2025-11-20 16:49:00 | INFO | repo=git | action=commit
2025-05-04 12:26:00 | DEBUG | repo=git | action=commit
2025-07-20 11:39:00 | WARN | repo=git | action=commit
2025-05-12 17:28:00 | WARN | repo=git | action=commit
2025-03-20 12:35:00 | WARN | repo=git | action=commit
2025-04-10 21:31:00 | DEBUG | repo=git | action=pull
2025-08-02 18:04:00 | WARN | repo=git | action=commit
2025-10-21 09:46:00 | DEBUG | repo=git | action=commit
2025-12-17 18:58:00 | DEBUG | repo=git | action=commit
2025-12-11 08:22:00 | INFO | repo=git | action=commit
2025-07-26 17:44:00 | WARN | repo=git | action=commit
2025-10-10 14:59:00 | WARN | repo=git | action=commit
2025-01-10 14:32:00 | WARN | repo=git | action=commit
2025-06-24 16:15:00 | WARN | repo=git | action=pull
2025-04-15 19:56:00 | DEBUG | repo=git | action=edit | files=3
2025-07-16 19:09:00 | DEBUG | repo=git | action=commit
2025-08-02 07:53:00 | INFO | repo=git | action=commit
2025-02-22 11:14:00 | WARN | repo=git | action=commit
2025-06-10 09:14:00 | DEBUG | repo=git | action=test | passed=true
2025-07-12 21:42:00 | DEBUG | repo=git | action=pull
2025-05-23 10:21:00 | WARN | repo=git | action=commit
2025-04-13 15:19:00 | WARN | repo=git | action=edit | files=5
2025-03-24 16:46:00 | WARN | repo=git | action=commit
2025-07-10 16:13:00 | WARN | repo=git | action=edit | files=5
2025-03-24 07:32:00 | WARN | repo=git | action=commit
2025-06-27 08:03:00 | INFO | repo=git | action=commit
2025-10-16 20:23:00 | INFO | repo=git | action=test | passed=true
2025-04-01 16:26:00 | DEBUG | repo=git | action=pull
2025-08-22 07:24:00 | DEBUG | repo=git | action=commit
2025-08-28 19:31:00 | INFO | repo=git | action=commit
2025-07-06 19:29:00 | INFO | repo=git | action=commit
2025-08-11 07:56:00 | INFO | repo=git | action=commit
2025-02-15 18:27:00 | INFO | repo=git | action=edit | files=3
2025-10-06 08:37:00 | WARN | repo=git | action=commit
2025-05-04 14:10:00 | INFO | repo=git | action=commit
2025-04-19 09:10:00 | DEBUG | repo=git | action=commit
2025-04-11 21:33:00 | DEBUG | repo=git | action=commit
2025-08-21 10:05:00 | DEBUG | repo=git | action=test | passed=true
2025-11-01 12:45:00 | INFO | repo=git | action=commit
2025-06-11 12:31:00 | WARN | repo=git | action=commit
2025-01-16 17:03:00 | DEBUG | repo=git | action=commit
2025-08-15 19:33:00 | DEBUG | repo=git | action=commit
2025-10-15 21:32:00 | WARN | repo=git | action=commit
2025-10-03 07:50:00 | INFO | repo=git | action=commit
2025-07-11 17:25:00 | WARN | repo=git | action=commit
2025-12-06 19:21:00 | DEBUG | repo=git | action=commit
2025-10-06 08:04:00 | INFO | repo=git | action=commit
2025-12-11 07:34:00 | DEBUG | repo=git | action=edit | files=3
2025-12-17 07:54:00 | INFO | repo=git | action=test | passed=true
2025-02-05 16:54:00 | DEBUG | repo=git | action=pull
2025-01-03 07:20:00 | WARN | repo=git | action=edit | files=3
2025-03-12 12:10:00 | DEBUG | repo=git | action=commit
2025-10-12 13:51:00 | INFO | repo=git | action=commit
2025-10-07 18:26:00 | DEBUG | repo=git | action=commit
2025-03-07 20:22:00 | WARN | repo=git | action=pull
2025-10-15 08:24:00 | DEBUG | repo=git | action=pull
2025-10-16 12:14:00 | DEBUG | repo=git | action=commit
2025-04-15 08:08:00 | WARN | repo=git | action=commit
2025-09-06 14:47:00 | INFO | repo=git | action=commit
2025-07-20 16:54:00 | DEBUG | repo=git | action=edit | files=1
2025-05-12 21:23:00 | WARN | repo=git | action=commit
2025-09-19 19:51:00 | DEBUG | repo=git | action=commit
2025-10-23 12:44:00 | DEBUG | repo=git | action=commit
2025-01-18 08:32:00 | WARN | repo=git | action=commit
2025-02-06 17:46:00 | WARN | repo=git | action=edit | files=3
2025-06-19 21:38:00 | WARN | repo=git | action=commit
2025-04-09 07:39:00 | WARN | repo=git | action=pull
2025-09-22 14:13:00 | WARN | repo=git | action=commit
2025-03-19 18:19:00 | WARN | repo=git | action=edit | files=2
2025-02-26 16:34:00 | DEBUG | repo=git | action=commit
2025-07-05 09:15:00 | WARN | repo=git | action=commit
2025-04-06 09:01:00 | DEBUG | repo=git | action=commit
2025-05-18 19:52:00 | INFO | repo=git | action=commit
2025-01-21 11:50:00 | DEBUG | repo=git | action=commit
2025-01-24 21:54:00 | WARN | repo=git | action=pull
2025-11-20 20:51:00 | WARN | repo=git | action=edit | files=4
2025-06-28 16:43:00 | WARN | repo=git | action=pull
2025-01-04 07:39:00 | INFO | repo=git | action=pull
2025-08-03 16:00:00 | DEBUG | repo=git | action=commit
2025-03-24 17:14:00 | INFO | repo=git | action=edit | files=2
2025-08-02 13:21:00 | DEBUG | repo=git | action=commit
2025-02-10 07:18:00 | INFO | repo=git | action=commit
2025-06-12 10:52:00 | WARN | repo=git | action=test | passed=true
2025-11-26 08:39:00 | WARN | repo=git | action=commit
2025-04-07 16:44:00 | DEBUG | repo=git | action=edit | files=2
2025-01-18 21:40:00 | INFO | repo=git | action=commit
2025-03-14 09:48:00 | WARN | repo=git | action=edit | files=5
2025-06-22 17:25:00 | DEBUG | repo=git | action=commit
